// Vitest Snapshot v1, https://vitest.dev/guide/snapshot.html

exports[`Member List > Renders the component 1`] = `"<v-table-stub class="bg-background border rounded" fixedheader="false" fixedfooter="false" hover="false" density="default" tag="div" data-test="member-table"></v-table-stub>"`;
