// Vitest Snapshot v1

exports[`PublicKeyList > List data when user has operator role > Renders the component 1`] = `
"<div>
  <data-table-stub itemsperpage=\\"10\\" totalcount=\\"2\\" headers=\\"[object Object],[object Object],[object Object],[object Object],[object Object],[object Object]\\" items=\\"[object Object],[object Object]\\" comboboxoptions=\\"10,20,50,100\\" loading=\\"false\\" actualpage=\\"1\\" nextpage=\\"async () => {
      await getPublicKeysList(itemsPerPage.value, ++page.value);
    }\\" previouspage=\\"async () => {
      try {
        if (page.value > 1)
          await getPublicKeysList(itemsPerPage.value, --page.value);
      } catch (error) {
        store.dispatch(&quot;snackbar/setSnackbarErrorDefault&quot;);
        throw new Error(error);
      }
    }\\" data-test=\\"publicKeys-list\\"></data-table-stub>
</div>"
`;

exports[`PublicKeyList > List data when user has owner role > Renders the component 1`] = `
"<div>
  <data-table-stub itemsperpage=\\"10\\" totalcount=\\"2\\" headers=\\"[object Object],[object Object],[object Object],[object Object],[object Object],[object Object]\\" items=\\"[object Object],[object Object]\\" comboboxoptions=\\"10,20,50,100\\" loading=\\"false\\" actualpage=\\"1\\" nextpage=\\"async () => {
      await getPublicKeysList(itemsPerPage.value, ++page.value);
    }\\" previouspage=\\"async () => {
      try {
        if (page.value > 1)
          await getPublicKeysList(itemsPerPage.value, --page.value);
      } catch (error) {
        store.dispatch(&quot;snackbar/setSnackbarErrorDefault&quot;);
        throw new Error(error);
      }
    }\\" data-test=\\"publicKeys-list\\"></data-table-stub>
</div>"
`;
