// Vitest Snapshot v1

exports[`NamespaceDelete > Button operator > Renders the component 1`] = `
"<v-tooltip-stub attach=\\"false\\" closeonback=\\"false\\" contained=\\"false\\" disabled=\\"false\\" noclickanimation=\\"false\\" modelvalue=\\"false\\" scrim=\\"false\\" zindex=\\"2000\\" activatorprops=\\"[object Object]\\" openonclick=\\"false\\" openonhover=\\"true\\" closeoncontentclick=\\"false\\" minwidth=\\"0\\" locationstrategy=\\"connected\\" location=\\"bottom\\" origin=\\"auto\\" offset=\\"10\\" scrollstrategy=\\"reposition\\" transition=\\"false\\" class=\\"text-center\\"></v-tooltip-stub>
<v-dialog-stub maxwidth=\\"540\\" fullscreen=\\"false\\" retainfocus=\\"true\\" scrollable=\\"false\\" absolute=\\"false\\" attach=\\"false\\" closeonback=\\"true\\" contained=\\"false\\" disabled=\\"false\\" noclickanimation=\\"false\\" modelvalue=\\"false\\" persistent=\\"false\\" scrim=\\"true\\" zindex=\\"2400\\" activatorprops=\\"[object Object]\\" openonhover=\\"false\\" closeoncontentclick=\\"false\\" eager=\\"false\\" locationstrategy=\\"static\\" location=\\"bottom\\" origin=\\"center center\\" scrollstrategy=\\"block\\" transition=\\"[object Object]\\"></v-dialog-stub>"
`;

exports[`NamespaceDelete > Button owner > Renders the component 1`] = `
"<v-tooltip-stub attach=\\"false\\" closeonback=\\"false\\" contained=\\"false\\" disabled=\\"true\\" noclickanimation=\\"false\\" modelvalue=\\"false\\" scrim=\\"false\\" zindex=\\"2000\\" activatorprops=\\"[object Object]\\" openonclick=\\"false\\" openonhover=\\"true\\" closeoncontentclick=\\"false\\" minwidth=\\"0\\" locationstrategy=\\"connected\\" location=\\"bottom\\" origin=\\"auto\\" offset=\\"10\\" scrollstrategy=\\"reposition\\" transition=\\"false\\" class=\\"text-center\\"></v-tooltip-stub>
<v-dialog-stub maxwidth=\\"540\\" fullscreen=\\"false\\" retainfocus=\\"true\\" scrollable=\\"false\\" absolute=\\"false\\" attach=\\"false\\" closeonback=\\"true\\" contained=\\"false\\" disabled=\\"false\\" noclickanimation=\\"false\\" modelvalue=\\"false\\" persistent=\\"false\\" scrim=\\"true\\" zindex=\\"2400\\" activatorprops=\\"[object Object]\\" openonhover=\\"false\\" closeoncontentclick=\\"false\\" eager=\\"false\\" locationstrategy=\\"static\\" location=\\"bottom\\" origin=\\"center center\\" scrollstrategy=\\"block\\" transition=\\"[object Object]\\"></v-dialog-stub>"
`;

exports[`NamespaceDelete > Dialog with subscription operator > Renders the component 1`] = `
"<v-tooltip-stub attach=\\"false\\" closeonback=\\"false\\" contained=\\"false\\" disabled=\\"false\\" noclickanimation=\\"false\\" modelvalue=\\"false\\" scrim=\\"false\\" zindex=\\"2000\\" activatorprops=\\"[object Object]\\" openonclick=\\"false\\" openonhover=\\"true\\" closeoncontentclick=\\"false\\" minwidth=\\"0\\" locationstrategy=\\"connected\\" location=\\"bottom\\" origin=\\"auto\\" offset=\\"10\\" scrollstrategy=\\"reposition\\" transition=\\"false\\" class=\\"text-center\\"></v-tooltip-stub>
<v-dialog-stub maxwidth=\\"540\\" fullscreen=\\"false\\" retainfocus=\\"true\\" scrollable=\\"false\\" absolute=\\"false\\" attach=\\"false\\" closeonback=\\"true\\" contained=\\"false\\" disabled=\\"false\\" noclickanimation=\\"false\\" modelvalue=\\"false\\" persistent=\\"false\\" scrim=\\"true\\" zindex=\\"2400\\" activatorprops=\\"[object Object]\\" openonhover=\\"false\\" closeoncontentclick=\\"false\\" eager=\\"false\\" locationstrategy=\\"static\\" location=\\"bottom\\" origin=\\"center center\\" scrollstrategy=\\"block\\" transition=\\"[object Object]\\"></v-dialog-stub>"
`;

exports[`NamespaceDelete > Dialog with subscription owner > Renders the component 1`] = `
"<v-tooltip-stub attach=\\"false\\" closeonback=\\"false\\" contained=\\"false\\" disabled=\\"true\\" noclickanimation=\\"false\\" modelvalue=\\"false\\" scrim=\\"false\\" zindex=\\"2000\\" activatorprops=\\"[object Object]\\" openonclick=\\"false\\" openonhover=\\"true\\" closeoncontentclick=\\"false\\" minwidth=\\"0\\" locationstrategy=\\"connected\\" location=\\"bottom\\" origin=\\"auto\\" offset=\\"10\\" scrollstrategy=\\"reposition\\" transition=\\"false\\" class=\\"text-center\\"></v-tooltip-stub>
<v-dialog-stub maxwidth=\\"540\\" fullscreen=\\"false\\" retainfocus=\\"true\\" scrollable=\\"false\\" absolute=\\"false\\" attach=\\"false\\" closeonback=\\"true\\" contained=\\"false\\" disabled=\\"false\\" noclickanimation=\\"false\\" modelvalue=\\"false\\" persistent=\\"false\\" scrim=\\"true\\" zindex=\\"2400\\" activatorprops=\\"[object Object]\\" openonhover=\\"false\\" closeoncontentclick=\\"false\\" eager=\\"false\\" locationstrategy=\\"static\\" location=\\"bottom\\" origin=\\"center center\\" scrollstrategy=\\"block\\" transition=\\"[object Object]\\"></v-dialog-stub>"
`;

exports[`NamespaceDelete > Dialog without subscription operator > Renders the component 1`] = `
"<v-tooltip-stub attach=\\"false\\" closeonback=\\"false\\" contained=\\"false\\" disabled=\\"false\\" noclickanimation=\\"false\\" modelvalue=\\"false\\" scrim=\\"false\\" zindex=\\"2000\\" activatorprops=\\"[object Object]\\" openonclick=\\"false\\" openonhover=\\"true\\" closeoncontentclick=\\"false\\" minwidth=\\"0\\" locationstrategy=\\"connected\\" location=\\"bottom\\" origin=\\"auto\\" offset=\\"10\\" scrollstrategy=\\"reposition\\" transition=\\"false\\" class=\\"text-center\\"></v-tooltip-stub>
<v-dialog-stub maxwidth=\\"540\\" fullscreen=\\"false\\" retainfocus=\\"true\\" scrollable=\\"false\\" absolute=\\"false\\" attach=\\"false\\" closeonback=\\"true\\" contained=\\"false\\" disabled=\\"false\\" noclickanimation=\\"false\\" modelvalue=\\"false\\" persistent=\\"false\\" scrim=\\"true\\" zindex=\\"2400\\" activatorprops=\\"[object Object]\\" openonhover=\\"false\\" closeoncontentclick=\\"false\\" eager=\\"false\\" locationstrategy=\\"static\\" location=\\"bottom\\" origin=\\"center center\\" scrollstrategy=\\"block\\" transition=\\"[object Object]\\"></v-dialog-stub>"
`;

exports[`NamespaceDelete > Dialog without subscription owner > Renders the component 1`] = `
"<v-tooltip-stub attach=\\"false\\" closeonback=\\"false\\" contained=\\"false\\" disabled=\\"true\\" noclickanimation=\\"false\\" modelvalue=\\"false\\" scrim=\\"false\\" zindex=\\"2000\\" activatorprops=\\"[object Object]\\" openonclick=\\"false\\" openonhover=\\"true\\" closeoncontentclick=\\"false\\" minwidth=\\"0\\" locationstrategy=\\"connected\\" location=\\"bottom\\" origin=\\"auto\\" offset=\\"10\\" scrollstrategy=\\"reposition\\" transition=\\"false\\" class=\\"text-center\\"></v-tooltip-stub>
<v-dialog-stub maxwidth=\\"540\\" fullscreen=\\"false\\" retainfocus=\\"true\\" scrollable=\\"false\\" absolute=\\"false\\" attach=\\"false\\" closeonback=\\"true\\" contained=\\"false\\" disabled=\\"false\\" noclickanimation=\\"false\\" modelvalue=\\"false\\" persistent=\\"false\\" scrim=\\"true\\" zindex=\\"2400\\" activatorprops=\\"[object Object]\\" openonhover=\\"false\\" closeoncontentclick=\\"false\\" eager=\\"false\\" locationstrategy=\\"static\\" location=\\"bottom\\" origin=\\"center center\\" scrollstrategy=\\"block\\" transition=\\"[object Object]\\"></v-dialog-stub>"
`;
