// Vitest Snapshot v1, https://vitest.dev/guide/snapshot.html

exports[`Setting Drawer > Renders the component 1`] = `
"<div class=\\"v-layout\\">
  <nav class=\\"v-navigation-drawer v-navigation-drawer--left v-navigation-drawer--temporary v-navigation-drawer--active v-theme--light v-navigation-drawer--mobile bg-v-theme-surface\\" style=\\"left: 0px; z-index: 1004; transform: translateX(0px); position: fixed; transition: none; height: calc(100% - 0px - 0px); top: 0px; bottom: 0px; width: 256px;\\" app=\\"\\">
    <!---->
    <!---->
    <div class=\\"v-navigation-drawer__content\\">
      <div class=\\"v-list v-theme--light bg-transparent v-list--density-compact v-list--one-line pa-0\\" tabindex=\\"0\\" role=\\"listbox\\"><a class=\\"v-list-item v-list-item--link v-theme--light v-list-item--density-compact v-list-item--one-line rounded-0 v-list-item--variant-text\\" tabindex=\\"-2\\" aria-selected=\\"false\\" href=\\"/settings/profile\\"><span class=\\"v-list-item__overlay\\"></span><span class=\\"v-list-item__underlay\\"></span>
          <!---->
          <div class=\\"v-list-item__content\\" data-no-activator=\\"\\">
            <div class=\\"v-list-item-title\\">Profile</div>
            <!---->
            <!---->
          </div>
          <!---->
        </a><a class=\\"v-list-item v-list-item--link v-theme--light v-list-item--density-compact v-list-item--one-line rounded-0 v-list-item--variant-text\\" tabindex=\\"-2\\" aria-selected=\\"false\\" href=\\"/settings/namespace\\"><span class=\\"v-list-item__overlay\\"></span><span class=\\"v-list-item__underlay\\"></span>
          <!---->
          <div class=\\"v-list-item__content\\" data-no-activator=\\"\\">
            <div class=\\"v-list-item-title\\">Namespace</div>
            <!---->
            <!---->
          </div>
          <!---->
        </a><a class=\\"v-list-item v-list-item--link v-theme--light v-list-item--density-compact v-list-item--one-line rounded-0 v-list-item--variant-text\\" tabindex=\\"-2\\" aria-selected=\\"false\\" href=\\"/settings/private-keys\\"><span class=\\"v-list-item__overlay\\"></span><span class=\\"v-list-item__underlay\\"></span>
          <!---->
          <div class=\\"v-list-item__content\\" data-no-activator=\\"\\">
            <div class=\\"v-list-item-title\\">Private Keys</div>
            <!---->
            <!---->
          </div>
          <!---->
        </a><a class=\\"v-list-item v-list-item--link v-theme--light v-list-item--density-compact v-list-item--one-line rounded-0 v-list-item--variant-text\\" tabindex=\\"-2\\" aria-selected=\\"false\\" href=\\"/settings/tags\\"><span class=\\"v-list-item__overlay\\"></span><span class=\\"v-list-item__underlay\\"></span>
          <!---->
          <div class=\\"v-list-item__content\\" data-no-activator=\\"\\">
            <div class=\\"v-list-item-title\\">Tags</div>
            <!---->
            <!---->
          </div>
          <!---->
        </a></div>
    </div>
    <!---->
  </nav>
  <transition-stub name=\\"fade-transition\\" appear=\\"false\\" persisted=\\"false\\" css=\\"true\\">
    <div class=\\"v-navigation-drawer__scrim\\" style=\\"z-index: 1003;\\"></div>
  </transition-stub>
</div>"
`;
