// Vitest Snapshot v1

exports[`SessionList > Sessions has enterprise version when user has observer role > Renders the component 1`] = `
"<div data-v-459ab1b4=\\"\\">
  <data-table-stub itemsperpage=\\"10\\" nextpage=\\"async () =&gt; {
      await getSessions(itemsPerPage.value, ++page.value);
    }\\" previouspage=\\"async () =&gt; {
      try {
        if (page.value &gt; 1)
          await getSessions(itemsPerPage.value, --page.value);
      } catch (error) {
        store.dispatch(&quot;snackbar/setSnackbarErrorDefault&quot;);
      }
    }\\" totalcount=\\"2\\" headers=\\"[object Object],[object Object],[object Object],[object Object],[object Object],[object Object],[object Object],[object Object]\\" items=\\"[object Object],[object Object]\\" comboboxoptions=\\"10,20,50,100\\" loading=\\"false\\" actualpage=\\"1\\" data-test=\\"sessions-list\\" data-v-459ab1b4=\\"\\"></data-table-stub>
</div>"
`;

exports[`SessionList > Sessions has enterprise version when user has owner role > Renders the component 1`] = `
"<div data-v-459ab1b4=\\"\\">
  <data-table-stub itemsperpage=\\"10\\" nextpage=\\"async () =&gt; {
      await getSessions(itemsPerPage.value, ++page.value);
    }\\" previouspage=\\"async () =&gt; {
      try {
        if (page.value &gt; 1)
          await getSessions(itemsPerPage.value, --page.value);
      } catch (error) {
        store.dispatch(&quot;snackbar/setSnackbarErrorDefault&quot;);
      }
    }\\" totalcount=\\"2\\" headers=\\"[object Object],[object Object],[object Object],[object Object],[object Object],[object Object],[object Object],[object Object]\\" items=\\"[object Object],[object Object]\\" comboboxoptions=\\"10,20,50,100\\" loading=\\"false\\" actualpage=\\"1\\" data-test=\\"sessions-list\\" data-v-459ab1b4=\\"\\"></data-table-stub>
</div>"
`;

exports[`SessionList > Sessions has no enterprise version > Renders the component 1`] = `
"<div data-v-459ab1b4=\\"\\">
  <data-table-stub itemsperpage=\\"10\\" nextpage=\\"async () =&gt; {
      await getSessions(itemsPerPage.value, ++page.value);
    }\\" previouspage=\\"async () =&gt; {
      try {
        if (page.value &gt; 1)
          await getSessions(itemsPerPage.value, --page.value);
      } catch (error) {
        store.dispatch(&quot;snackbar/setSnackbarErrorDefault&quot;);
      }
    }\\" totalcount=\\"2\\" headers=\\"[object Object],[object Object],[object Object],[object Object],[object Object],[object Object],[object Object],[object Object]\\" items=\\"[object Object],[object Object]\\" comboboxoptions=\\"10,20,50,100\\" loading=\\"false\\" actualpage=\\"1\\" data-test=\\"sessions-list\\" data-v-459ab1b4=\\"\\"></data-table-stub>
</div>"
`;
