// Vitest Snapshot v1

exports[`AppBar > Renders the component 1`] = `"<v-app-bar-stub modelvalue=\\"true\\" location=\\"top\\" absolute=\\"false\\" collapse=\\"false\\" density=\\"default\\" extended=\\"false\\" extensionheight=\\"48\\" flat=\\"true\\" floating=\\"true\\" height=\\"64\\" border=\\"false\\" tag=\\"header\\" order=\\"0\\" class=\\"bg-background\\"></v-app-bar-stub>"`;
