// Jest Snapshot v1, https://goo.gl/fbAQLP

exports[`TagSelector With tags Renders the component 1`] = `
<fragment-stub>
  <div class="mr-4">
    <v-menu-stub opendelay="0" closedelay="0" openonclick="true" contentclass="" maxwidth="auto" nudgebottom="0" nudgeleft="0" nudgeright="0" nudgetop="0" nudgewidth="0" closeonclick="true" maxheight="auto" offsety="true" origin="top left" transition="v-menu-transition">
      <v-list-stub tag="div">
        <v-list-item-group-stub valuecomparator="[Function]" activeclass="v-item--active" multiple="true" tag="div">
          <v-list-item-stub activeclass="" tag="div" value="ShellHub" data-test="ShellHub-item"></v-list-item-stub>
          <v-list-item-stub activeclass="" tag="div" value="Shell" data-test="Shell-item"></v-list-item-stub>
          <v-list-item-stub activeclass="" tag="div" value="Hub" data-test="Hub-item"></v-list-item-stub>
        </v-list-item-group-stub>
      </v-list-stub>
    </v-menu-stub>
  </div>
</fragment-stub>
`;

exports[`TagSelector Without tags Renders the component 1`] = `
<fragment-stub>
  <div class="mr-4"><span class="v-badge v-badge--bordered v-badge--overlap theme--light"><button type="button" class="v-btn v-btn--outlined theme--light v-size--default primary--text" data-test="tags-btn" role="button" aria-haspopup="true" aria-expanded="false"><span class="v-btn__content">
            Tags
            <i aria-hidden="true" class="v-icon notranslate v-icon--right mdi mdi-chevron-down theme--light"></i></span></button><span class="v-badge__wrapper"><transition-stub name="scale-rotate-transition"><span aria-atomic="true" aria-label="Badge" aria-live="polite" role="status" class="v-badge__badge primary" style="bottom: calc(100% - 12px); left: calc(100% - 12px); display: none;"></span></transition-stub></span></span>
    <div class="v-menu">
      <!---->
    </div>
  </div>
</fragment-stub>
`;
