// Jest Snapshot v1, https://goo.gl/fbAQLP

exports[`Terminal Renders the component 1`] = `
<div>
  <devicedetails-stub></devicedetails-stub>
</div>
`;
