// Jest Snapshot v1, https://goo.gl/fbAQLP

exports[`Login Renders the component 1`] = `
<v-layout-stub tag="div" align-center="" justify-center="" class="grey lighten-4">
  <v-flex-stub tag="div" xs12="" sm8="" md4="">
    <v-container-stub tag="div">
      <v-layout-stub tag="div" align-center="" justify-center="" column="">
        <v-flex-stub tag="div" class="text-center primary--text">
          <v-img-stub options="[object Object]" position="center center" src="@/assets/logo.png" transition="fade-transition"></v-img-stub> <span class="overline">BETA</span>
        </v-flex-stub>
      </v-layout-stub>
    </v-container-stub>
    <v-card-stub loaderheight="4" tag="div" color="transparent" class="elevation-0">
      <v-form-stub>
        <v-card-text-stub>
          <v-text-field-stub errorcount="1" errormessages="" messages="" rules="" successmessages="" backgroundcolor="" label="Username" prependicon="person" loaderheight="2" clearicon="$clear" type="text" data-test="username-text"></v-text-field-stub>
          <v-text-field-stub errorcount="1" errormessages="" messages="" rules="" successmessages="" backgroundcolor="" id="password" label="Password" prependicon="lock" loaderheight="2" clearicon="$clear" type="password" data-test="password-text"></v-text-field-stub>
        </v-card-text-stub>
        <v-card-actions-stub class="justify-center">
          <v-btn-stub color="primary" tag="button" activeclass="" type="submit" data-test="login-btn">
            LOGIN
          </v-btn-stub>
        </v-card-actions-stub>
        <v-card-subtitle-stub class="d-flex align-center justify-center pa-4 mx-auto">
          Don't have an account?

          <router-link-stub to="[object Object]" tag="a" ariacurrentvalue="page" event="click" class="ml-1">
            Sign up here
          </router-link-stub>
        </v-card-subtitle-stub>
      </v-form-stub>
    </v-card-stub>
  </v-flex-stub>
</v-layout-stub>
`;
