// Jest Snapshot v1, https://goo.gl/fbAQLP

exports[`BillingInvoiceList Renders the component 1`] = `
<fragment-stub invoices="[object Object],[object Object]">
  <div class="5">
    <v-data-table-stub mobilebreakpoint="600" items="[object Object],[object Object]" options="[object Object]" customsort="[Function]" page="1" itemsperpage="10" groupby="" groupdesc="" customgroup="[Function]" locale="en-US" customfilter="[Function]" serveritemslength="-1" itemkey="id" value="" expanded="" noresultstext="$vuetify.dataIterator.noResultsText" nodatatext="$vuetify.noDataText" loadingtext="$vuetify.dataIterator.loadingText" footerprops="[object Object]" selectablekey="isSelectable" loaderheight="4" headers="[object Object],[object Object],[object Object],[object Object],[object Object]" expandicon="$expand" itemclass="" data-test="dataTable-field" class="elevation-0"></v-data-table-stub>
  </div>
</fragment-stub>
`;
