// Vitest Snapshot v1, https://vitest.dev/guide/snapshot.html

exports[`Change Password > Renders the component 1`] = `""`;
