// Vitest Snapshot v1, https://vitest.dev/guide/snapshot.html

exports[`Convert Premium Dialog > Renders the component 1`] = `""`;
