// Vitest Snapshot v1, https://vitest.dev/guide/snapshot.html

exports[`SessionList > Sessions has enterprise version when user has observer role > Renders the component 1`] = `
"<div data-v-459ab1b4=\\"\\">
  <data-table-stub data-v-459ab1b4=\\"\\" itemsperpage=\\"10\\" totalcount=\\"2\\" headers=\\"[object Object],[object Object],[object Object],[object Object],[object Object],[object Object],[object Object],[object Object]\\" items=\\"[object Object],[object Object]\\" comboboxoptions=\\"10,20,50,100\\" loading=\\"false\\" actualpage=\\"1\\" nextpage=\\"[Function]\\" previouspage=\\"[Function]\\" data-test=\\"sessions-list\\"></data-table-stub>
</div>"
`;

exports[`SessionList > Sessions has enterprise version when user has owner role > Renders the component 1`] = `
"<div data-v-459ab1b4=\\"\\">
  <data-table-stub data-v-459ab1b4=\\"\\" itemsperpage=\\"10\\" totalcount=\\"2\\" headers=\\"[object Object],[object Object],[object Object],[object Object],[object Object],[object Object],[object Object],[object Object]\\" items=\\"[object Object],[object Object]\\" comboboxoptions=\\"10,20,50,100\\" loading=\\"false\\" actualpage=\\"1\\" nextpage=\\"[Function]\\" previouspage=\\"[Function]\\" data-test=\\"sessions-list\\"></data-table-stub>
</div>"
`;

exports[`SessionList > Sessions has no enterprise version > Renders the component 1`] = `
"<div data-v-459ab1b4=\\"\\">
  <data-table-stub data-v-459ab1b4=\\"\\" itemsperpage=\\"10\\" totalcount=\\"2\\" headers=\\"[object Object],[object Object],[object Object],[object Object],[object Object],[object Object],[object Object],[object Object]\\" items=\\"[object Object],[object Object]\\" comboboxoptions=\\"10,20,50,100\\" loading=\\"false\\" actualpage=\\"1\\" nextpage=\\"[Function]\\" previouspage=\\"[Function]\\" data-test=\\"sessions-list\\"></data-table-stub>
</div>"
`;
